// Jest Snapshot v1, https://goo.gl/fbAQLP

exports[`Button has not changed 1`] = `
ShallowWrapper {
  Symbol(enzyme.__root__): [Circular],
  Symbol(enzyme.__unrendered__): <PolygonDataProvider
    initialGeojson={null}
    onSave={[Function]}
  >
    <div />
  </PolygonDataProvider>,
  Symbol(enzyme.__renderer__): Object {
    "batchedUpdates": [Function],
    "checkPropTypes": [Function],
    "getNode": [Function],
    "render": [Function],
    "simulateError": [Function],
    "simulateEvent": [Function],
    "unmount": [Function],
  },
  Symbol(enzyme.__node__): Object {
    "instance": null,
    "key": undefined,
    "nodeType": "function",
    "props": Object {
      "children": <div />,
      "value": Object {
        "addAction": null,
        "addNewPolygon": [Function],
        "centerAction": null,
        "deleteAction": [Function],
        "discardChanges": [Function],
        "gmapData": null,
        "newPolygonList": Array [],
        "persistChanges": [Function],
        "polygonList": Array [],
        "selectPolygon": [Function],
        "selectedPolygonList": Array [],
        "subtractAction": [Function],
        "unSelectPolygon": [Function],
      },
    },
    "ref": null,
    "rendered": Object {
      "instance": null,
      "key": undefined,
      "nodeType": "host",
      "props": Object {},
      "ref": null,
      "rendered": null,
      "type": "div",
    },
    "type": Object {
      "$$typeof": Symbol(react.provider),
      "_context": Object {
        "$$typeof": Symbol(react.context),
        "Consumer": Object {
          "$$typeof": Symbol(react.context),
          "_calculateChangedBits": null,
          "_context": [Circular],
        },
        "Provider": [Circular],
        "_calculateChangedBits": null,
        "_currentRenderer": null,
        "_currentRenderer2": null,
        "_currentValue": Object {
          "addAction": null,
          "addNewPolygon": null,
          "centerAction": null,
          "deleteAction": null,
          "discardChanges": null,
          "gmapData": null,
          "newPolygonList": Array [],
          "persistChanges": null,
          "polygonList": Array [],
          "selectPolygon": null,
          "selectedPolygonList": Array [],
          "subtractAction": null,
          "unSelectPolygon": null,
        },
        "_currentValue2": Object {
          "addAction": null,
          "addNewPolygon": null,
          "centerAction": null,
          "deleteAction": null,
          "discardChanges": null,
          "gmapData": null,
          "newPolygonList": Array [],
          "persistChanges": null,
          "polygonList": Array [],
          "selectPolygon": null,
          "selectedPolygonList": Array [],
          "subtractAction": null,
          "unSelectPolygon": null,
        },
        "_threadCount": 0,
      },
    },
  },
  Symbol(enzyme.__nodes__): Array [
    Object {
      "instance": null,
      "key": undefined,
      "nodeType": "function",
      "props": Object {
        "children": <div />,
        "value": Object {
          "addAction": null,
          "addNewPolygon": [Function],
          "centerAction": null,
          "deleteAction": [Function],
          "discardChanges": [Function],
          "gmapData": null,
          "newPolygonList": Array [],
          "persistChanges": [Function],
          "polygonList": Array [],
          "selectPolygon": [Function],
          "selectedPolygonList": Array [],
          "subtractAction": [Function],
          "unSelectPolygon": [Function],
        },
      },
      "ref": null,
      "rendered": Object {
        "instance": null,
        "key": undefined,
        "nodeType": "host",
        "props": Object {},
        "ref": null,
        "rendered": null,
        "type": "div",
      },
      "type": Object {
        "$$typeof": Symbol(react.provider),
        "_context": Object {
          "$$typeof": Symbol(react.context),
          "Consumer": Object {
            "$$typeof": Symbol(react.context),
            "_calculateChangedBits": null,
            "_context": [Circular],
          },
          "Provider": [Circular],
          "_calculateChangedBits": null,
          "_currentRenderer": null,
          "_currentRenderer2": null,
          "_currentValue": Object {
            "addAction": null,
            "addNewPolygon": null,
            "centerAction": null,
            "deleteAction": null,
            "discardChanges": null,
            "gmapData": null,
            "newPolygonList": Array [],
            "persistChanges": null,
            "polygonList": Array [],
            "selectPolygon": null,
            "selectedPolygonList": Array [],
            "subtractAction": null,
            "unSelectPolygon": null,
          },
          "_currentValue2": Object {
            "addAction": null,
            "addNewPolygon": null,
            "centerAction": null,
            "deleteAction": null,
            "discardChanges": null,
            "gmapData": null,
            "newPolygonList": Array [],
            "persistChanges": null,
            "polygonList": Array [],
            "selectPolygon": null,
            "selectedPolygonList": Array [],
            "subtractAction": null,
            "unSelectPolygon": null,
          },
          "_threadCount": 0,
        },
      },
    },
  ],
  Symbol(enzyme.__options__): Object {
    "adapter": ReactSixteenAdapter {
      "options": Object {
        "enableComponentDidUpdateOnSetState": true,
        "legacyContextMode": "parent",
        "lifecycles": Object {
          "componentDidUpdate": Object {
            "onSetState": true,
          },
          "getChildContext": Object {
            "calledByRenderer": false,
          },
          "getDerivedStateFromProps": true,
          "getSnapshotBeforeUpdate": true,
          "setState": Object {
            "skipsComponentDidUpdateOnNullish": true,
          },
        },
      },
    },
    "disableLifecycleMethods": true,
  },
}
`;
